components/PipelineView.tsx(201,41): error TS2322: Type '{ key: string; deal: Deal; clientName: string; }' is not assignable to type '{ deal: Deal; clientName: string; }'.
  Property 'key' does not exist on type '{ deal: Deal; clientName: string; }'.
